<?xml version="1.0" encoding="UTF-8"?>
<testsuites name="jest tests" tests="60" failures="10" errors="0" time="1.105">
  <testsuite name="Credit Agreement Tests" errors="0" failures="7" skipped="0" timestamp="2025-01-02T16:47:18" time="0.314" tests="10">
    <testcase classname="Credit Agreement Tests createCreditAgreement should create a credit agreement with valid inputs" name="Credit Agreement Tests createCreditAgreement should create a credit agreement with valid inputs" time="0.018">
      <failure>Error: PrismaClient is unable to run in this browser environment, or has been bundled for the browser (running in `Node.js`).
If this is unexpected, please open an issue: https://pris.ly/prisma-prisma-bug-report
    at Object.get (/Users/stephenscott/Dev/Apps/Loans-v0/loans-v2/node_modules/.prisma/client/index-browser.js:494:15)
    at borrower (/Users/stephenscott/Dev/Apps/Loans-v0/loans-v2/server/actions/loan/createCreditAgreement.ts:29:35)
    at Object.&lt;anonymous&gt; (/Users/stephenscott/Dev/Apps/Loans-v0/loans-v2/__tests__/credit-agreement.test.ts:108:49)
    at Promise.then.completed (/Users/stephenscott/Dev/Apps/Loans-v0/loans-v2/node_modules/jest-circus/build/utils.js:298:28)
    at new Promise (&lt;anonymous&gt;)
    at callAsyncCircusFn (/Users/stephenscott/Dev/Apps/Loans-v0/loans-v2/node_modules/jest-circus/build/utils.js:231:10)
    at _callCircusTest (/Users/stephenscott/Dev/Apps/Loans-v0/loans-v2/node_modules/jest-circus/build/run.js:316:40)
    at processTicksAndRejections (node:internal/process/task_queues:95:5)
    at _runTest (/Users/stephenscott/Dev/Apps/Loans-v0/loans-v2/node_modules/jest-circus/build/run.js:252:3)
    at _runTestsForDescribeBlock (/Users/stephenscott/Dev/Apps/Loans-v0/loans-v2/node_modules/jest-circus/build/run.js:126:9)
    at _runTestsForDescribeBlock (/Users/stephenscott/Dev/Apps/Loans-v0/loans-v2/node_modules/jest-circus/build/run.js:121:9)
    at _runTestsForDescribeBlock (/Users/stephenscott/Dev/Apps/Loans-v0/loans-v2/node_modules/jest-circus/build/run.js:121:9)
    at run (/Users/stephenscott/Dev/Apps/Loans-v0/loans-v2/node_modules/jest-circus/build/run.js:71:3)
    at runAndTransformResultsToJestFormat (/Users/stephenscott/Dev/Apps/Loans-v0/loans-v2/node_modules/jest-circus/build/legacy-code-todo-rewrite/jestAdapterInit.js:122:21)
    at jestAdapter (/Users/stephenscott/Dev/Apps/Loans-v0/loans-v2/node_modules/jest-circus/build/legacy-code-todo-rewrite/jestAdapter.js:79:19)
    at runTestInternal (/Users/stephenscott/Dev/Apps/Loans-v0/loans-v2/node_modules/jest-runner/build/runTest.js:367:16)
    at runTest (/Users/stephenscott/Dev/Apps/Loans-v0/loans-v2/node_modules/jest-runner/build/runTest.js:444:34)</failure>
    </testcase>
    <testcase classname="Credit Agreement Tests createCreditAgreement should throw error if borrower does not exist" name="Credit Agreement Tests createCreditAgreement should throw error if borrower does not exist" time="0.004">
      <failure>Error: expect(received).rejects.toThrow(expected)

Expected substring: &quot;Borrower not found&quot;
Received message:   &quot;PrismaClient is unable to run in this browser environment, or has been bundled for the browser (running in `Node.js`).
If this is unexpected, please open an issue: https://pris.ly/prisma-prisma-bug-report&quot;

      27 |
      28 |     // Validate borrower exists
    &gt; 29 |     const borrower = await prisma.borrower.findUnique({
         |                                   ^
      30 |       where: { id: data.borrowerId }
      31 |     })
      32 |     if (!borrower) {

      at Object.get (node_modules/.prisma/client/index-browser.js:494:15)
      at borrower (server/actions/loan/createCreditAgreement.ts:29:35)
      at Object.&lt;anonymous&gt; (__tests__/credit-agreement.test.ts:120:41)
    at Object.toThrow (/Users/stephenscott/Dev/Apps/Loans-v0/loans-v2/node_modules/expect/build/index.js:218:22)
    at Object.toThrow (/Users/stephenscott/Dev/Apps/Loans-v0/loans-v2/__tests__/credit-agreement.test.ts:121:18)
    at Promise.then.completed (/Users/stephenscott/Dev/Apps/Loans-v0/loans-v2/node_modules/jest-circus/build/utils.js:298:28)
    at new Promise (&lt;anonymous&gt;)
    at callAsyncCircusFn (/Users/stephenscott/Dev/Apps/Loans-v0/loans-v2/node_modules/jest-circus/build/utils.js:231:10)
    at _callCircusTest (/Users/stephenscott/Dev/Apps/Loans-v0/loans-v2/node_modules/jest-circus/build/run.js:316:40)
    at processTicksAndRejections (node:internal/process/task_queues:95:5)
    at _runTest (/Users/stephenscott/Dev/Apps/Loans-v0/loans-v2/node_modules/jest-circus/build/run.js:252:3)
    at _runTestsForDescribeBlock (/Users/stephenscott/Dev/Apps/Loans-v0/loans-v2/node_modules/jest-circus/build/run.js:126:9)
    at _runTestsForDescribeBlock (/Users/stephenscott/Dev/Apps/Loans-v0/loans-v2/node_modules/jest-circus/build/run.js:121:9)
    at _runTestsForDescribeBlock (/Users/stephenscott/Dev/Apps/Loans-v0/loans-v2/node_modules/jest-circus/build/run.js:121:9)
    at run (/Users/stephenscott/Dev/Apps/Loans-v0/loans-v2/node_modules/jest-circus/build/run.js:71:3)
    at runAndTransformResultsToJestFormat (/Users/stephenscott/Dev/Apps/Loans-v0/loans-v2/node_modules/jest-circus/build/legacy-code-todo-rewrite/jestAdapterInit.js:122:21)
    at jestAdapter (/Users/stephenscott/Dev/Apps/Loans-v0/loans-v2/node_modules/jest-circus/build/legacy-code-todo-rewrite/jestAdapter.js:79:19)
    at runTestInternal (/Users/stephenscott/Dev/Apps/Loans-v0/loans-v2/node_modules/jest-runner/build/runTest.js:367:16)
    at runTest (/Users/stephenscott/Dev/Apps/Loans-v0/loans-v2/node_modules/jest-runner/build/runTest.js:444:34)</failure>
    </testcase>
    <testcase classname="Credit Agreement Tests createCreditAgreement should throw error if lender does not exist" name="Credit Agreement Tests createCreditAgreement should throw error if lender does not exist" time="0.003">
      <failure>Error: expect(received).rejects.toThrow(expected)

Expected substring: &quot;Lender not found&quot;
Received message:   &quot;PrismaClient is unable to run in this browser environment, or has been bundled for the browser (running in `Node.js`).
If this is unexpected, please open an issue: https://pris.ly/prisma-prisma-bug-report&quot;

      27 |
      28 |     // Validate borrower exists
    &gt; 29 |     const borrower = await prisma.borrower.findUnique({
         |                                   ^
      30 |       where: { id: data.borrowerId }
      31 |     })
      32 |     if (!borrower) {

      at Object.get (node_modules/.prisma/client/index-browser.js:494:15)
      at borrower (server/actions/loan/createCreditAgreement.ts:29:35)
      at Object.&lt;anonymous&gt; (__tests__/credit-agreement.test.ts:130:41)
    at Object.toThrow (/Users/stephenscott/Dev/Apps/Loans-v0/loans-v2/node_modules/expect/build/index.js:218:22)
    at Object.toThrow (/Users/stephenscott/Dev/Apps/Loans-v0/loans-v2/__tests__/credit-agreement.test.ts:131:18)
    at Promise.then.completed (/Users/stephenscott/Dev/Apps/Loans-v0/loans-v2/node_modules/jest-circus/build/utils.js:298:28)
    at new Promise (&lt;anonymous&gt;)
    at callAsyncCircusFn (/Users/stephenscott/Dev/Apps/Loans-v0/loans-v2/node_modules/jest-circus/build/utils.js:231:10)
    at _callCircusTest (/Users/stephenscott/Dev/Apps/Loans-v0/loans-v2/node_modules/jest-circus/build/run.js:316:40)
    at processTicksAndRejections (node:internal/process/task_queues:95:5)
    at _runTest (/Users/stephenscott/Dev/Apps/Loans-v0/loans-v2/node_modules/jest-circus/build/run.js:252:3)
    at _runTestsForDescribeBlock (/Users/stephenscott/Dev/Apps/Loans-v0/loans-v2/node_modules/jest-circus/build/run.js:126:9)
    at _runTestsForDescribeBlock (/Users/stephenscott/Dev/Apps/Loans-v0/loans-v2/node_modules/jest-circus/build/run.js:121:9)
    at _runTestsForDescribeBlock (/Users/stephenscott/Dev/Apps/Loans-v0/loans-v2/node_modules/jest-circus/build/run.js:121:9)
    at run (/Users/stephenscott/Dev/Apps/Loans-v0/loans-v2/node_modules/jest-circus/build/run.js:71:3)
    at runAndTransformResultsToJestFormat (/Users/stephenscott/Dev/Apps/Loans-v0/loans-v2/node_modules/jest-circus/build/legacy-code-todo-rewrite/jestAdapterInit.js:122:21)
    at jestAdapter (/Users/stephenscott/Dev/Apps/Loans-v0/loans-v2/node_modules/jest-circus/build/legacy-code-todo-rewrite/jestAdapter.js:79:19)
    at runTestInternal (/Users/stephenscott/Dev/Apps/Loans-v0/loans-v2/node_modules/jest-runner/build/runTest.js:367:16)
    at runTest (/Users/stephenscott/Dev/Apps/Loans-v0/loans-v2/node_modules/jest-runner/build/runTest.js:444:34)</failure>
    </testcase>
    <testcase classname="Credit Agreement Tests createCreditAgreement should validate maturity date is after start date" name="Credit Agreement Tests createCreditAgreement should validate maturity date is after start date" time="0.002">
    </testcase>
    <testcase classname="Credit Agreement Tests createCreditAgreement should validate positive amount and interest rate" name="Credit Agreement Tests createCreditAgreement should validate positive amount and interest rate" time="0.002">
    </testcase>
    <testcase classname="Credit Agreement Tests createCreditAgreement should validate at least one facility is provided" name="Credit Agreement Tests createCreditAgreement should validate at least one facility is provided" time="0.004">
    </testcase>
    <testcase classname="Credit Agreement Tests updateCreditAgreement should update credit agreement details while preserving facility relationships" name="Credit Agreement Tests updateCreditAgreement should update credit agreement details while preserving facility relationships" time="0.002">
      <failure>Error: PrismaClient is unable to run in this browser environment, or has been bundled for the browser (running in `Node.js`).
If this is unexpected, please open an issue: https://pris.ly/prisma-prisma-bug-report
    at Object.get (/Users/stephenscott/Dev/Apps/Loans-v0/loans-v2/node_modules/.prisma/client/index-browser.js:494:15)
    at creditAgreement (/Users/stephenscott/Dev/Apps/Loans-v0/loans-v2/server/actions/loan/updateCreditAgreement.ts:15:44)
    at Object.&lt;anonymous&gt; (/Users/stephenscott/Dev/Apps/Loans-v0/loans-v2/__tests__/credit-agreement.test.ts:218:49)
    at Promise.then.completed (/Users/stephenscott/Dev/Apps/Loans-v0/loans-v2/node_modules/jest-circus/build/utils.js:298:28)
    at new Promise (&lt;anonymous&gt;)
    at callAsyncCircusFn (/Users/stephenscott/Dev/Apps/Loans-v0/loans-v2/node_modules/jest-circus/build/utils.js:231:10)
    at _callCircusTest (/Users/stephenscott/Dev/Apps/Loans-v0/loans-v2/node_modules/jest-circus/build/run.js:316:40)
    at processTicksAndRejections (node:internal/process/task_queues:95:5)
    at _runTest (/Users/stephenscott/Dev/Apps/Loans-v0/loans-v2/node_modules/jest-circus/build/run.js:252:3)
    at _runTestsForDescribeBlock (/Users/stephenscott/Dev/Apps/Loans-v0/loans-v2/node_modules/jest-circus/build/run.js:126:9)
    at _runTestsForDescribeBlock (/Users/stephenscott/Dev/Apps/Loans-v0/loans-v2/node_modules/jest-circus/build/run.js:121:9)
    at _runTestsForDescribeBlock (/Users/stephenscott/Dev/Apps/Loans-v0/loans-v2/node_modules/jest-circus/build/run.js:121:9)
    at run (/Users/stephenscott/Dev/Apps/Loans-v0/loans-v2/node_modules/jest-circus/build/run.js:71:3)
    at runAndTransformResultsToJestFormat (/Users/stephenscott/Dev/Apps/Loans-v0/loans-v2/node_modules/jest-circus/build/legacy-code-todo-rewrite/jestAdapterInit.js:122:21)
    at jestAdapter (/Users/stephenscott/Dev/Apps/Loans-v0/loans-v2/node_modules/jest-circus/build/legacy-code-todo-rewrite/jestAdapter.js:79:19)
    at runTestInternal (/Users/stephenscott/Dev/Apps/Loans-v0/loans-v2/node_modules/jest-runner/build/runTest.js:367:16)
    at runTest (/Users/stephenscott/Dev/Apps/Loans-v0/loans-v2/node_modules/jest-runner/build/runTest.js:444:34)</failure>
    </testcase>
    <testcase classname="Credit Agreement Tests updateCreditAgreement should reject updates that would make facility commitments exceed new credit agreement amount" name="Credit Agreement Tests updateCreditAgreement should reject updates that would make facility commitments exceed new credit agreement amount" time="0.002">
      <failure>Error: expect(received).rejects.toThrow(expected)

Expected substring: &quot;Credit agreement amount cannot be less than total facility commitments&quot;
Received message:   &quot;PrismaClient is unable to run in this browser environment, or has been bundled for the browser (running in `Node.js`).
If this is unexpected, please open an issue: https://pris.ly/prisma-prisma-bug-report&quot;

      13 |
      14 |     // Check if credit agreement exists
    &gt; 15 |     const existingAgreement = await prisma.creditAgreement.findUnique({
         |                                            ^
      16 |       where: { id: validatedData.id }
      17 |     })
      18 |

      at Object.get (node_modules/.prisma/client/index-browser.js:494:15)
      at creditAgreement (server/actions/loan/updateCreditAgreement.ts:15:44)
      at Object.&lt;anonymous&gt; (__tests__/credit-agreement.test.ts:238:41)
    at Object.toThrow (/Users/stephenscott/Dev/Apps/Loans-v0/loans-v2/node_modules/expect/build/index.js:218:22)
    at Object.toThrow (/Users/stephenscott/Dev/Apps/Loans-v0/loans-v2/__tests__/credit-agreement.test.ts:239:18)
    at Promise.then.completed (/Users/stephenscott/Dev/Apps/Loans-v0/loans-v2/node_modules/jest-circus/build/utils.js:298:28)
    at new Promise (&lt;anonymous&gt;)
    at callAsyncCircusFn (/Users/stephenscott/Dev/Apps/Loans-v0/loans-v2/node_modules/jest-circus/build/utils.js:231:10)
    at _callCircusTest (/Users/stephenscott/Dev/Apps/Loans-v0/loans-v2/node_modules/jest-circus/build/run.js:316:40)
    at processTicksAndRejections (node:internal/process/task_queues:95:5)
    at _runTest (/Users/stephenscott/Dev/Apps/Loans-v0/loans-v2/node_modules/jest-circus/build/run.js:252:3)
    at _runTestsForDescribeBlock (/Users/stephenscott/Dev/Apps/Loans-v0/loans-v2/node_modules/jest-circus/build/run.js:126:9)
    at _runTestsForDescribeBlock (/Users/stephenscott/Dev/Apps/Loans-v0/loans-v2/node_modules/jest-circus/build/run.js:121:9)
    at _runTestsForDescribeBlock (/Users/stephenscott/Dev/Apps/Loans-v0/loans-v2/node_modules/jest-circus/build/run.js:121:9)
    at run (/Users/stephenscott/Dev/Apps/Loans-v0/loans-v2/node_modules/jest-circus/build/run.js:71:3)
    at runAndTransformResultsToJestFormat (/Users/stephenscott/Dev/Apps/Loans-v0/loans-v2/node_modules/jest-circus/build/legacy-code-todo-rewrite/jestAdapterInit.js:122:21)
    at jestAdapter (/Users/stephenscott/Dev/Apps/Loans-v0/loans-v2/node_modules/jest-circus/build/legacy-code-todo-rewrite/jestAdapter.js:79:19)
    at runTestInternal (/Users/stephenscott/Dev/Apps/Loans-v0/loans-v2/node_modules/jest-runner/build/runTest.js:367:16)
    at runTest (/Users/stephenscott/Dev/Apps/Loans-v0/loans-v2/node_modules/jest-runner/build/runTest.js:444:34)</failure>
    </testcase>
    <testcase classname="Credit Agreement Tests updateCreditAgreement should reject updates that would make facility maturity dates invalid" name="Credit Agreement Tests updateCreditAgreement should reject updates that would make facility maturity dates invalid" time="0.005">
      <failure>Error: expect(received).rejects.toThrow(expected)

Expected substring: &quot;Credit agreement maturity date cannot be earlier than facility maturity dates&quot;
Received message:   &quot;PrismaClient is unable to run in this browser environment, or has been bundled for the browser (running in `Node.js`).
If this is unexpected, please open an issue: https://pris.ly/prisma-prisma-bug-report&quot;

      13 |
      14 |     // Check if credit agreement exists
    &gt; 15 |     const existingAgreement = await prisma.creditAgreement.findUnique({
         |                                            ^
      16 |       where: { id: validatedData.id }
      17 |     })
      18 |

      at Object.get (node_modules/.prisma/client/index-browser.js:494:15)
      at creditAgreement (server/actions/loan/updateCreditAgreement.ts:15:44)
      at Object.&lt;anonymous&gt; (__tests__/credit-agreement.test.ts:258:41)
    at Object.toThrow (/Users/stephenscott/Dev/Apps/Loans-v0/loans-v2/node_modules/expect/build/index.js:218:22)
    at Object.toThrow (/Users/stephenscott/Dev/Apps/Loans-v0/loans-v2/__tests__/credit-agreement.test.ts:259:18)
    at Promise.then.completed (/Users/stephenscott/Dev/Apps/Loans-v0/loans-v2/node_modules/jest-circus/build/utils.js:298:28)
    at new Promise (&lt;anonymous&gt;)
    at callAsyncCircusFn (/Users/stephenscott/Dev/Apps/Loans-v0/loans-v2/node_modules/jest-circus/build/utils.js:231:10)
    at _callCircusTest (/Users/stephenscott/Dev/Apps/Loans-v0/loans-v2/node_modules/jest-circus/build/run.js:316:40)
    at processTicksAndRejections (node:internal/process/task_queues:95:5)
    at _runTest (/Users/stephenscott/Dev/Apps/Loans-v0/loans-v2/node_modules/jest-circus/build/run.js:252:3)
    at _runTestsForDescribeBlock (/Users/stephenscott/Dev/Apps/Loans-v0/loans-v2/node_modules/jest-circus/build/run.js:126:9)
    at _runTestsForDescribeBlock (/Users/stephenscott/Dev/Apps/Loans-v0/loans-v2/node_modules/jest-circus/build/run.js:121:9)
    at _runTestsForDescribeBlock (/Users/stephenscott/Dev/Apps/Loans-v0/loans-v2/node_modules/jest-circus/build/run.js:121:9)
    at run (/Users/stephenscott/Dev/Apps/Loans-v0/loans-v2/node_modules/jest-circus/build/run.js:71:3)
    at runAndTransformResultsToJestFormat (/Users/stephenscott/Dev/Apps/Loans-v0/loans-v2/node_modules/jest-circus/build/legacy-code-todo-rewrite/jestAdapterInit.js:122:21)
    at jestAdapter (/Users/stephenscott/Dev/Apps/Loans-v0/loans-v2/node_modules/jest-circus/build/legacy-code-todo-rewrite/jestAdapter.js:79:19)
    at runTestInternal (/Users/stephenscott/Dev/Apps/Loans-v0/loans-v2/node_modules/jest-runner/build/runTest.js:367:16)
    at runTest (/Users/stephenscott/Dev/Apps/Loans-v0/loans-v2/node_modules/jest-runner/build/runTest.js:444:34)</failure>
    </testcase>
    <testcase classname="Credit Agreement Tests updateCreditAgreement should reject currency changes when facilities exist" name="Credit Agreement Tests updateCreditAgreement should reject currency changes when facilities exist" time="0.005">
      <failure>Error: expect(received).rejects.toThrow(expected)

Expected substring: &quot;Cannot change currency of credit agreement with existing facilities&quot;
Received message:   &quot;PrismaClient is unable to run in this browser environment, or has been bundled for the browser (running in `Node.js`).
If this is unexpected, please open an issue: https://pris.ly/prisma-prisma-bug-report&quot;

      13 |
      14 |     // Check if credit agreement exists
    &gt; 15 |     const existingAgreement = await prisma.creditAgreement.findUnique({
         |                                            ^
      16 |       where: { id: validatedData.id }
      17 |     })
      18 |

      at Object.get (node_modules/.prisma/client/index-browser.js:494:15)
      at creditAgreement (server/actions/loan/updateCreditAgreement.ts:15:44)
      at Object.&lt;anonymous&gt; (__tests__/credit-agreement.test.ts:275:41)
    at Object.toThrow (/Users/stephenscott/Dev/Apps/Loans-v0/loans-v2/node_modules/expect/build/index.js:218:22)
    at Object.toThrow (/Users/stephenscott/Dev/Apps/Loans-v0/loans-v2/__tests__/credit-agreement.test.ts:276:18)
    at Promise.then.completed (/Users/stephenscott/Dev/Apps/Loans-v0/loans-v2/node_modules/jest-circus/build/utils.js:298:28)
    at new Promise (&lt;anonymous&gt;)
    at callAsyncCircusFn (/Users/stephenscott/Dev/Apps/Loans-v0/loans-v2/node_modules/jest-circus/build/utils.js:231:10)
    at _callCircusTest (/Users/stephenscott/Dev/Apps/Loans-v0/loans-v2/node_modules/jest-circus/build/run.js:316:40)
    at processTicksAndRejections (node:internal/process/task_queues:95:5)
    at _runTest (/Users/stephenscott/Dev/Apps/Loans-v0/loans-v2/node_modules/jest-circus/build/run.js:252:3)
    at _runTestsForDescribeBlock (/Users/stephenscott/Dev/Apps/Loans-v0/loans-v2/node_modules/jest-circus/build/run.js:126:9)
    at _runTestsForDescribeBlock (/Users/stephenscott/Dev/Apps/Loans-v0/loans-v2/node_modules/jest-circus/build/run.js:121:9)
    at _runTestsForDescribeBlock (/Users/stephenscott/Dev/Apps/Loans-v0/loans-v2/node_modules/jest-circus/build/run.js:121:9)
    at run (/Users/stephenscott/Dev/Apps/Loans-v0/loans-v2/node_modules/jest-circus/build/run.js:71:3)
    at runAndTransformResultsToJestFormat (/Users/stephenscott/Dev/Apps/Loans-v0/loans-v2/node_modules/jest-circus/build/legacy-code-todo-rewrite/jestAdapterInit.js:122:21)
    at jestAdapter (/Users/stephenscott/Dev/Apps/Loans-v0/loans-v2/node_modules/jest-circus/build/legacy-code-todo-rewrite/jestAdapter.js:79:19)
    at runTestInternal (/Users/stephenscott/Dev/Apps/Loans-v0/loans-v2/node_modules/jest-runner/build/runTest.js:367:16)
    at runTest (/Users/stephenscott/Dev/Apps/Loans-v0/loans-v2/node_modules/jest-runner/build/runTest.js:444:34)</failure>
    </testcase>
  </testsuite>
  <testsuite name="Servicing Activity Tests" errors="0" failures="3" skipped="0" timestamp="2025-01-02T16:47:18" time="0.092" tests="9">
    <testcase classname="Servicing Activity Tests addServicingActivity should create a servicing activity" name="Servicing Activity Tests addServicingActivity should create a servicing activity" time="0.001">
    </testcase>
    <testcase classname="Servicing Activity Tests addServicingActivity should throw error if facility does not exist" name="Servicing Activity Tests addServicingActivity should throw error if facility does not exist" time="0.002">
    </testcase>
    <testcase classname="Servicing Activity Tests addServicingActivity should validate required fields" name="Servicing Activity Tests addServicingActivity should validate required fields" time="0">
    </testcase>
    <testcase classname="Servicing Activity Tests processPaydown should process a paydown without creating duplicate servicing activity" name="Servicing Activity Tests processPaydown should process a paydown without creating duplicate servicing activity" time="0.026">
      <failure>TypeError: Cannot read properties of undefined (reading &apos;entity&apos;)
    at entity (/Users/stephenscott/Dev/Apps/Loans-v0/loans-v2/server/actions/loan/processPaydown.ts:115:37)
    at Array.map (&lt;anonymous&gt;)
    at map (/Users/stephenscott/Dev/Apps/Loans-v0/loans-v2/server/actions/loan/processPaydown.ts:112:55)
    at processPaydown (/Users/stephenscott/Dev/Apps/Loans-v0/loans-v2/server/actions/loan/processPaydown.ts:20:12)
    at Object.&lt;anonymous&gt; (/Users/stephenscott/Dev/Apps/Loans-v0/loans-v2/__tests__/servicing.test.ts:176:22)</failure>
    </testcase>
    <testcase classname="Servicing Activity Tests processPaydown should create new servicing activity if no existing activity provided" name="Servicing Activity Tests processPaydown should create new servicing activity if no existing activity provided" time="0.001">
      <failure>TypeError: Cannot read properties of undefined (reading &apos;entity&apos;)
    at entity (/Users/stephenscott/Dev/Apps/Loans-v0/loans-v2/server/actions/loan/processPaydown.ts:115:37)
    at Array.map (&lt;anonymous&gt;)
    at map (/Users/stephenscott/Dev/Apps/Loans-v0/loans-v2/server/actions/loan/processPaydown.ts:112:55)
    at processPaydown (/Users/stephenscott/Dev/Apps/Loans-v0/loans-v2/server/actions/loan/processPaydown.ts:20:12)
    at Object.&lt;anonymous&gt; (/Users/stephenscott/Dev/Apps/Loans-v0/loans-v2/__tests__/servicing.test.ts:245:22)</failure>
    </testcase>
    <testcase classname="Servicing Activity Tests processPaydown should throw error if paydown amount exceeds outstanding balance" name="Servicing Activity Tests processPaydown should throw error if paydown amount exceeds outstanding balance" time="0.001">
    </testcase>
    <testcase classname="Servicing Activity Tests updateServicingActivity should update activity status and process paydown when completed" name="Servicing Activity Tests updateServicingActivity should update activity status and process paydown when completed" time="0.002">
      <failure>Error: Activity or facility not found
    at processPositionUpdates (/Users/stephenscott/Dev/Apps/Loans-v0/loans-v2/server/actions/loan/updateServicingActivity.ts:33:11)
    at updateServicingActivity (/Users/stephenscott/Dev/Apps/Loans-v0/loans-v2/server/actions/loan/updateServicingActivity.ts:91:7)
    at Object.&lt;anonymous&gt; (/Users/stephenscott/Dev/Apps/Loans-v0/loans-v2/__tests__/servicing.test.ts:323:22)</failure>
    </testcase>
    <testcase classname="Servicing Activity Tests updateServicingActivity should throw error if activity does not exist" name="Servicing Activity Tests updateServicingActivity should throw error if activity does not exist" time="0.003">
    </testcase>
    <testcase classname="Servicing Activity Tests updateServicingActivity should clear completion fields when status is not COMPLETED" name="Servicing Activity Tests updateServicingActivity should clear completion fields when status is not COMPLETED" time="0.001">
    </testcase>
  </testsuite>
  <testsuite name="Borrower Tests" errors="0" failures="0" skipped="0" timestamp="2025-01-02T16:47:18" time="0.051" tests="8">
    <testcase classname="Borrower Tests createBorrower should create a borrower with valid inputs" name="Borrower Tests createBorrower should create a borrower with valid inputs" time="0.001">
    </testcase>
    <testcase classname="Borrower Tests createBorrower should validate required fields" name="Borrower Tests createBorrower should validate required fields" time="0.002">
    </testcase>
    <testcase classname="Borrower Tests createBorrower should validate onboarding status" name="Borrower Tests createBorrower should validate onboarding status" time="0.001">
    </testcase>
    <testcase classname="Borrower Tests createBorrower should validate KYC status" name="Borrower Tests createBorrower should validate KYC status" time="0">
    </testcase>
    <testcase classname="Borrower Tests updateBorrower should update borrower with valid changes" name="Borrower Tests updateBorrower should update borrower with valid changes" time="0.001">
    </testcase>
    <testcase classname="Borrower Tests updateBorrower should throw error if borrower does not exist" name="Borrower Tests updateBorrower should throw error if borrower does not exist" time="0">
    </testcase>
    <testcase classname="Borrower Tests updateBorrower should validate status transitions" name="Borrower Tests updateBorrower should validate status transitions" time="0">
    </testcase>
    <testcase classname="Borrower Tests updateBorrower should validate KYC status transitions" name="Borrower Tests updateBorrower should validate KYC status transitions" time="0">
    </testcase>
  </testsuite>
  <testsuite name="Facility Management" errors="0" failures="0" skipped="0" timestamp="2025-01-02T16:47:18" time="0.043" tests="6">
    <testcase classname="Facility Management createFacility should create a facility within credit agreement limits" name="Facility Management createFacility should create a facility within credit agreement limits" time="0.001">
    </testcase>
    <testcase classname="Facility Management createFacility should reject if facility amount exceeds credit agreement amount" name="Facility Management createFacility should reject if facility amount exceeds credit agreement amount" time="0.002">
    </testcase>
    <testcase classname="Facility Management createFacility should reject if facility currency does not match credit agreement" name="Facility Management createFacility should reject if facility currency does not match credit agreement" time="0">
    </testcase>
    <testcase classname="Facility Management createFacility should reject if facility maturity date exceeds credit agreement" name="Facility Management createFacility should reject if facility maturity date exceeds credit agreement" time="0.001">
    </testcase>
    <testcase classname="Facility Management createFacility should validate required fields" name="Facility Management createFacility should validate required fields" time="0.001">
    </testcase>
    <testcase classname="Facility Management createFacility should validate facility type" name="Facility Management createFacility should validate facility type" time="0">
    </testcase>
  </testsuite>
  <testsuite name="Facility Position Management" errors="0" failures="0" skipped="0" timestamp="2025-01-02T16:47:18" time="0.052" tests="8">
    <testcase classname="Facility Position Management Position Creation should create a facility position within available amount" name="Facility Position Management Position Creation should create a facility position within available amount" time="0.002">
    </testcase>
    <testcase classname="Facility Position Management Position Creation should reject position exceeding facility available amount" name="Facility Position Management Position Creation should reject position exceeding facility available amount" time="0.001">
    </testcase>
    <testcase classname="Facility Position Management Position Creation should validate total positions do not exceed facility commitment" name="Facility Position Management Position Creation should validate total positions do not exceed facility commitment" time="0">
    </testcase>
    <testcase classname="Facility Position Management Position Creation should validate position amount covers pro-rata share of loans" name="Facility Position Management Position Creation should validate position amount covers pro-rata share of loans" time="0.001">
    </testcase>
    <testcase classname="Facility Position Management Position Updates should update position amount within available limits" name="Facility Position Management Position Updates should update position amount within available limits" time="0">
    </testcase>
    <testcase classname="Facility Position Management Position Updates should reject updates that would exceed facility commitment" name="Facility Position Management Position Updates should reject updates that would exceed facility commitment" time="0.002">
    </testcase>
    <testcase classname="Facility Position Management Position Updates should validate position status transitions" name="Facility Position Management Position Updates should validate position status transitions" time="0.001">
    </testcase>
    <testcase classname="Facility Position Management Position Updates should validate total shares do not exceed 100%" name="Facility Position Management Position Updates should validate total shares do not exceed 100%" time="0.001">
    </testcase>
  </testsuite>
  <testsuite name="Counterparty Tests" errors="0" failures="0" skipped="0" timestamp="2025-01-02T16:47:18" time="0.042" tests="4">
    <testcase classname="Counterparty Tests createCounterparty should create a counterparty with valid inputs" name="Counterparty Tests createCounterparty should create a counterparty with valid inputs" time="0">
    </testcase>
    <testcase classname="Counterparty Tests createCounterparty should validate required fields" name="Counterparty Tests createCounterparty should validate required fields" time="0.003">
    </testcase>
    <testcase classname="Counterparty Tests updateCounterparty should update counterparty with valid changes" name="Counterparty Tests updateCounterparty should update counterparty with valid changes" time="0">
    </testcase>
    <testcase classname="Counterparty Tests updateCounterparty should throw error if counterparty does not exist" name="Counterparty Tests updateCounterparty should throw error if counterparty does not exist" time="0.001">
    </testcase>
  </testsuite>
  <testsuite name="Loan Tests" errors="0" failures="0" skipped="0" timestamp="2025-01-02T16:47:18" time="0.042" tests="8">
    <testcase classname="Loan Tests createLoan should create a loan with valid inputs" name="Loan Tests createLoan should create a loan with valid inputs" time="0.001">
    </testcase>
    <testcase classname="Loan Tests createLoan should validate required fields" name="Loan Tests createLoan should validate required fields" time="0.001">
    </testcase>
    <testcase classname="Loan Tests createLoan should validate loan amount does not exceed available amount" name="Loan Tests createLoan should validate loan amount does not exceed available amount" time="0.001">
    </testcase>
    <testcase classname="Loan Tests createLoan should validate currency matches facility" name="Loan Tests createLoan should validate currency matches facility" time="0">
    </testcase>
    <testcase classname="Loan Tests updateLoan should update loan with valid changes" name="Loan Tests updateLoan should update loan with valid changes" time="0.001">
    </testcase>
    <testcase classname="Loan Tests updateLoan should throw error if loan does not exist" name="Loan Tests updateLoan should throw error if loan does not exist" time="0">
    </testcase>
    <testcase classname="Loan Tests updateLoan should validate status transitions" name="Loan Tests updateLoan should validate status transitions" time="0.001">
    </testcase>
    <testcase classname="Loan Tests updateLoan should validate amount is not greater than original amount" name="Loan Tests updateLoan should validate amount is not greater than original amount" time="0">
    </testcase>
  </testsuite>
  <testsuite name="createLoan" errors="0" failures="0" skipped="0" timestamp="2025-01-02T16:47:18" time="0.039" tests="4">
    <testcase classname="createLoan should create a loan successfully" name="createLoan should create a loan successfully" time="0.001">
    </testcase>
    <testcase classname="createLoan should throw error if facility not found" name="createLoan should throw error if facility not found" time="0.002">
    </testcase>
    <testcase classname="createLoan should throw error if currency mismatch" name="createLoan should throw error if currency mismatch" time="0.001">
    </testcase>
    <testcase classname="createLoan should throw error if insufficient available amount" name="createLoan should throw error if insufficient available amount" time="0">
    </testcase>
  </testsuite>
  <testsuite name="getInventory" errors="0" failures="0" skipped="0" timestamp="2025-01-02T16:47:18" time="0.031" tests="3">
    <testcase classname="getInventory should return loans with their relationships" name="getInventory should return loans with their relationships" time="0.001">
    </testcase>
    <testcase classname="getInventory should handle empty result" name="getInventory should handle empty result" time="0">
    </testcase>
    <testcase classname="getInventory should handle errors gracefully" name="getInventory should handle errors gracefully" time="0.001">
    </testcase>
  </testsuite>
</testsuites>